ï»¿2025-07-18T22:28:31.9506425Z Current runner version: '2.326.0'
2025-07-18T22:28:31.9529452Z ##[group]Runner Image Provisioner
2025-07-18T22:28:31.9530237Z Hosted Compute Agent
2025-07-18T22:28:31.9531154Z Version: 20250711.363
2025-07-18T22:28:31.9531879Z Commit: 6785254374ce925a23743850c1cb91912ce5c14c
2025-07-18T22:28:31.9532583Z Build Date: 2025-07-11T20:04:25Z
2025-07-18T22:28:31.9533143Z ##[endgroup]
2025-07-18T22:28:31.9533732Z ##[group]Operating System
2025-07-18T22:28:31.9534311Z Ubuntu
2025-07-18T22:28:31.9534775Z 24.04.2
2025-07-18T22:28:31.9535313Z LTS
2025-07-18T22:28:31.9535734Z ##[endgroup]
2025-07-18T22:28:31.9536218Z ##[group]Runner Image
2025-07-18T22:28:31.9536744Z Image: ubuntu-24.04
2025-07-18T22:28:31.9537260Z Version: 20250710.1.0
2025-07-18T22:28:31.9538210Z Included Software: https://github.com/actions/runner-images/blob/ubuntu24/20250710.1/images/ubuntu/Ubuntu2404-Readme.md
2025-07-18T22:28:31.9539860Z Image Release: https://github.com/actions/runner-images/releases/tag/ubuntu24%2F20250710.1
2025-07-18T22:28:31.9541075Z ##[endgroup]
2025-07-18T22:28:31.9542215Z ##[group]GITHUB_TOKEN Permissions
2025-07-18T22:28:31.9544310Z Contents: read
2025-07-18T22:28:31.9544797Z Metadata: read
2025-07-18T22:28:31.9545394Z Packages: read
2025-07-18T22:28:31.9545899Z ##[endgroup]
2025-07-18T22:28:31.9547789Z Secret source: None
2025-07-18T22:28:31.9548567Z Prepare workflow directory
2025-07-18T22:28:31.9876144Z Prepare all required actions
2025-07-18T22:28:31.9915272Z Getting action download info
2025-07-18T22:28:32.3157589Z ##[group]Download immutable action package 'actions/checkout@v4'
2025-07-18T22:28:32.3158728Z Version: 4.2.2
2025-07-18T22:28:32.3159679Z Digest: sha256:ccb2698953eaebd21c7bf6268a94f9c26518a7e38e27e0b83c1fe1ad049819b1
2025-07-18T22:28:32.3161013Z Source commit SHA: 11bd71901bbe5b1630ceea73d27597364c9af683
2025-07-18T22:28:32.3161800Z ##[endgroup]
2025-07-18T22:28:32.3958473Z ##[group]Download immutable action package 'actions/setup-python@v5'
2025-07-18T22:28:32.3959261Z Version: 5.6.0
2025-07-18T22:28:32.3960083Z Digest: sha256:0b35a0c11c97499e4e0576589036d450b9f5f9da74b7774225b3614b57324404
2025-07-18T22:28:32.3961317Z Source commit SHA: a26af69be951a213d495a4c3e4e4022e16d87065
2025-07-18T22:28:32.3962029Z ##[endgroup]
2025-07-18T22:28:32.7226366Z Complete job name: tests
2025-07-18T22:28:32.7872012Z ##[group]Run actions/checkout@v4
2025-07-18T22:28:32.7872835Z with:
2025-07-18T22:28:32.7873226Z   repository: microsoft/markitdown
2025-07-18T22:28:32.7873864Z   token: ***
2025-07-18T22:28:32.7874229Z   ssh-strict: true
2025-07-18T22:28:32.7874628Z   ssh-user: git
2025-07-18T22:28:32.7875018Z   persist-credentials: true
2025-07-18T22:28:32.7875447Z   clean: true
2025-07-18T22:28:32.7875832Z   sparse-checkout-cone-mode: true
2025-07-18T22:28:32.7876304Z   fetch-depth: 1
2025-07-18T22:28:32.7876690Z   fetch-tags: false
2025-07-18T22:28:32.7877072Z   show-progress: true
2025-07-18T22:28:32.7877468Z   lfs: false
2025-07-18T22:28:32.7877827Z   submodules: false
2025-07-18T22:28:32.7878227Z   set-safe-directory: true
2025-07-18T22:28:32.7878870Z ##[endgroup]
2025-07-18T22:28:32.8929539Z Syncing repository: microsoft/markitdown
2025-07-18T22:28:32.8931662Z ##[group]Getting Git version info
2025-07-18T22:28:32.8932393Z Working directory is '/home/runner/work/markitdown/markitdown'
2025-07-18T22:28:32.8933427Z [command]/usr/bin/git version
2025-07-18T22:28:32.8965059Z git version 2.50.1
2025-07-18T22:28:32.8990456Z ##[endgroup]
2025-07-18T22:28:32.9006111Z Temporarily overriding HOME='/home/runner/work/_temp/27064808-e45a-44bc-8ab0-4eba4fb343ac' before making global git config changes
2025-07-18T22:28:32.9008487Z Adding repository directory to the temporary git global config as a safe directory
2025-07-18T22:28:32.9012793Z [command]/usr/bin/git config --global --add safe.directory /home/runner/work/markitdown/markitdown
2025-07-18T22:28:32.9046137Z Deleting the contents of '/home/runner/work/markitdown/markitdown'
2025-07-18T22:28:32.9049979Z ##[group]Initializing the repository
2025-07-18T22:28:32.9054965Z [command]/usr/bin/git init /home/runner/work/markitdown/markitdown
2025-07-18T22:28:32.9106215Z hint: Using 'master' as the name for the initial branch. This default branch name
2025-07-18T22:28:32.9107777Z hint: is subject to change. To configure the initial branch name to use in all
2025-07-18T22:28:32.9109058Z hint: of your new repositories, which will suppress this warning, call:
2025-07-18T22:28:32.9110038Z hint:
2025-07-18T22:28:32.9111250Z hint: 	git config --global init.defaultBranch <name>
2025-07-18T22:28:32.9112286Z hint:
2025-07-18T22:28:32.9113271Z hint: Names commonly chosen instead of 'master' are 'main', 'trunk' and
2025-07-18T22:28:32.9114877Z hint: 'development'. The just-created branch can be renamed via this command:
2025-07-18T22:28:32.9116178Z hint:
2025-07-18T22:28:32.9116814Z hint: 	git branch -m <name>
2025-07-18T22:28:32.9117566Z hint:
2025-07-18T22:28:32.9118541Z hint: Disable this message with "git config set advice.defaultBranchName false"
2025-07-18T22:28:32.9120333Z Initialized empty Git repository in /home/runner/work/markitdown/markitdown/.git/
2025-07-18T22:28:32.9123325Z [command]/usr/bin/git remote add origin https://github.com/microsoft/markitdown
2025-07-18T22:28:32.9152985Z ##[endgroup]
2025-07-18T22:28:32.9158273Z ##[group]Disabling automatic garbage collection
2025-07-18T22:28:32.9159374Z [command]/usr/bin/git config --local gc.auto 0
2025-07-18T22:28:32.9187523Z ##[endgroup]
2025-07-18T22:28:32.9188723Z ##[group]Setting up auth
2025-07-18T22:28:32.9195538Z [command]/usr/bin/git config --local --name-only --get-regexp core\.sshCommand
2025-07-18T22:28:32.9229860Z [command]/usr/bin/git submodule foreach --recursive sh -c "git config --local --name-only --get-regexp 'core\.sshCommand' && git config --local --unset-all 'core.sshCommand' || :"
2025-07-18T22:28:32.9504862Z [command]/usr/bin/git config --local --name-only --get-regexp http\.https\:\/\/github\.com\/\.extraheader
2025-07-18T22:28:32.9533963Z [command]/usr/bin/git submodule foreach --recursive sh -c "git config --local --name-only --get-regexp 'http\.https\:\/\/github\.com\/\.extraheader' && git config --local --unset-all 'http.https://github.com/.extraheader' || :"
2025-07-18T22:28:32.9758055Z [command]/usr/bin/git config --local http.https://github.com/.extraheader AUTHORIZATION: basic ***
2025-07-18T22:28:32.9796456Z ##[endgroup]
2025-07-18T22:28:32.9804458Z ##[group]Fetching the repository
2025-07-18T22:28:32.9806812Z [command]/usr/bin/git -c protocol.version=2 fetch --no-tags --prune --no-recurse-submodules --depth=1 origin +257a4ffafecce4821c345261436798a51e56b25d:refs/remotes/pull/1367/merge
2025-07-18T22:28:33.4526489Z From https://github.com/microsoft/markitdown
2025-07-18T22:28:33.4528068Z  * [new ref]         257a4ffafecce4821c345261436798a51e56b25d -> pull/1367/merge
2025-07-18T22:28:33.4553998Z ##[endgroup]
2025-07-18T22:28:33.4555401Z ##[group]Determining the checkout info
2025-07-18T22:28:33.4556835Z ##[endgroup]
2025-07-18T22:28:33.4562615Z [command]/usr/bin/git sparse-checkout disable
2025-07-18T22:28:33.4605137Z [command]/usr/bin/git config --local --unset-all extensions.worktreeConfig
2025-07-18T22:28:33.4636090Z ##[group]Checking out the ref
2025-07-18T22:28:33.4641221Z [command]/usr/bin/git checkout --progress --force refs/remotes/pull/1367/merge
2025-07-18T22:28:33.4897761Z Note: switching to 'refs/remotes/pull/1367/merge'.
2025-07-18T22:28:33.4899687Z 
2025-07-18T22:28:33.4900974Z You are in 'detached HEAD' state. You can look around, make experimental
2025-07-18T22:28:33.4903130Z changes and commit them, and you can discard any commits you make in this
2025-07-18T22:28:33.4904538Z state without impacting any branches by switching back to a branch.
2025-07-18T22:28:33.4905309Z 
2025-07-18T22:28:33.4906023Z If you want to create a new branch to retain commits you create, you may
2025-07-18T22:28:33.4907936Z do so (now or later) by using -c with the switch command. Example:
2025-07-18T22:28:33.4909022Z 
2025-07-18T22:28:33.4909507Z   git switch -c <new-branch-name>
2025-07-18T22:28:33.4909996Z 
2025-07-18T22:28:33.4910552Z Or undo this operation with:
2025-07-18T22:28:33.4911310Z 
2025-07-18T22:28:33.4911582Z   git switch -
2025-07-18T22:28:33.4911972Z 
2025-07-18T22:28:33.4912600Z Turn off this advice by setting config variable advice.detachedHead to false
2025-07-18T22:28:33.4913554Z 
2025-07-18T22:28:33.4914608Z HEAD is now at 257a4ff Merge 6bddeab60c29e36ed9ff00ec2b8dde7077038b54 into da7bcea527ed04cf6027cc8ece1e1aad9e08a9a1
2025-07-18T22:28:33.4917726Z ##[endgroup]
2025-07-18T22:28:33.4943036Z [command]/usr/bin/git log -1 --format=%H
2025-07-18T22:28:33.4964328Z 257a4ffafecce4821c345261436798a51e56b25d
2025-07-18T22:28:33.5273792Z ##[group]Run actions/setup-python@v5
2025-07-18T22:28:33.5274982Z with:
2025-07-18T22:28:33.5275820Z   python-version: 3.10
3.11
3.12

2025-07-18T22:28:33.5276905Z   check-latest: false
2025-07-18T22:28:33.5278131Z   token: ***
2025-07-18T22:28:33.5278988Z   update-environment: true
2025-07-18T22:28:33.5280022Z   allow-prereleases: false
2025-07-18T22:28:33.5281318Z   freethreaded: false
2025-07-18T22:28:33.5282243Z ##[endgroup]
2025-07-18T22:28:33.6934053Z ##[group]Installed versions
2025-07-18T22:28:33.7037797Z Successfully set up CPython (3.10.18)
2025-07-18T22:28:33.7057270Z Successfully set up CPython (3.11.13)
2025-07-18T22:28:33.7074448Z Successfully set up CPython (3.12.11)
2025-07-18T22:28:33.7076937Z ##[endgroup]
2025-07-18T22:28:33.7212487Z ##[group]Run pipx install hatch
2025-07-18T22:28:33.7213559Z [36;1mpipx install hatch[0m
2025-07-18T22:28:33.7273640Z shell: /usr/bin/bash -e {0}
2025-07-18T22:28:33.7274520Z env:
2025-07-18T22:28:33.7275440Z   pythonLocation: /opt/hostedtoolcache/Python/3.12.11/x64
2025-07-18T22:28:33.7276924Z   PKG_CONFIG_PATH: /opt/hostedtoolcache/Python/3.12.11/x64/lib/pkgconfig
2025-07-18T22:28:33.7278380Z   Python_ROOT_DIR: /opt/hostedtoolcache/Python/3.12.11/x64
2025-07-18T22:28:33.7279707Z   Python2_ROOT_DIR: /opt/hostedtoolcache/Python/3.12.11/x64
2025-07-18T22:28:33.7281326Z   Python3_ROOT_DIR: /opt/hostedtoolcache/Python/3.12.11/x64
2025-07-18T22:28:33.7283648Z   LD_LIBRARY_PATH: /opt/hostedtoolcache/Python/3.12.11/x64/lib:/opt/hostedtoolcache/Python/3.11.13/x64/lib:/opt/hostedtoolcache/Python/3.10.18/x64/lib
2025-07-18T22:28:33.7285683Z ##[endgroup]
2025-07-18T22:28:34.0619153Z creating virtual environment...
2025-07-18T22:28:34.1820364Z installing hatch...
2025-07-18T22:28:40.6334873Z done! â¨ ð â¨
2025-07-18T22:28:40.6335522Z   installed package hatch 1.14.1, installed using Python 3.12.3
2025-07-18T22:28:40.6336059Z   These apps are now globally available
2025-07-18T22:28:40.6336436Z     - hatch
2025-07-18T22:28:40.6626340Z ##[group]Run cd packages/markitdown; hatch test
2025-07-18T22:28:40.6626796Z [36;1mcd packages/markitdown; hatch test[0m
2025-07-18T22:28:40.6658796Z shell: /usr/bin/bash -e {0}
2025-07-18T22:28:40.6659065Z env:
2025-07-18T22:28:40.6659356Z   pythonLocation: /opt/hostedtoolcache/Python/3.12.11/x64
2025-07-18T22:28:40.6659802Z   PKG_CONFIG_PATH: /opt/hostedtoolcache/Python/3.12.11/x64/lib/pkgconfig
2025-07-18T22:28:40.6660238Z   Python_ROOT_DIR: /opt/hostedtoolcache/Python/3.12.11/x64
2025-07-18T22:28:40.6660844Z   Python2_ROOT_DIR: /opt/hostedtoolcache/Python/3.12.11/x64
2025-07-18T22:28:40.6661236Z   Python3_ROOT_DIR: /opt/hostedtoolcache/Python/3.12.11/x64
2025-07-18T22:28:40.6661888Z   LD_LIBRARY_PATH: /opt/hostedtoolcache/Python/3.12.11/x64/lib:/opt/hostedtoolcache/Python/3.11.13/x64/lib:/opt/hostedtoolcache/Python/3.10.18/x64/lib
2025-07-18T22:28:40.6662497Z ##[endgroup]
2025-07-18T22:28:40.9256439Z Creating environment: hatch-test.py3.12
2025-07-18T22:28:40.9754185Z Installing project in development mode
2025-07-18T22:28:42.7994278Z Checking dependencies
2025-07-18T22:28:42.8443705Z Syncing dependencies
2025-07-18T22:28:47.7794823Z ============================= test session starts ==============================
2025-07-18T22:28:47.7795879Z platform linux -- Python 3.12.3, pytest-8.4.1, pluggy-1.6.0
2025-07-18T22:28:47.7796666Z rootdir: /home/runner/work/markitdown/markitdown/packages/markitdown
2025-07-18T22:28:47.7797502Z configfile: pyproject.toml
2025-07-18T22:28:47.7798514Z plugins: xdist-3.8.0, anyio-4.9.0, mock-3.14.1, rerunfailures-14.0
2025-07-18T22:28:47.7799116Z collected 179 items
2025-07-18T22:28:47.7799353Z 
2025-07-18T22:28:49.4889752Z tests/test_cli_misc.py ..                                                [  1%]
2025-07-18T22:29:24.6926087Z tests/test_cli_vectors.py ....................................ssssssssss [ 26%]
2025-07-18T22:29:26.6484739Z ss..                                                                     [ 29%]
2025-07-18T22:29:26.9539712Z tests/test_module_misc.py ......ss.ss                                    [ 35%]
2025-07-18T22:29:30.7152244Z tests/test_module_vectors.py .......F...............F...............F... [ 59%]
2025-07-18T22:29:37.6840787Z ............F........ssssssssssssssss.......F...............F........... [ 99%]
2025-07-18T22:29:37.7400316Z .                                                                        [100%]
2025-07-18T22:29:37.7400968Z 
2025-07-18T22:29:37.7401179Z =================================== FAILURES ===================================
2025-07-18T22:29:37.7401796Z _____________________ test_guess_stream_info[test_vector7] _____________________
2025-07-18T22:29:37.7402237Z 
2025-07-18T22:29:37.7403545Z test_vector = FileTestVector(filename='PowerCollections.chm', mimetype='application/vnd.ms-htmlhelp', charset=None, url='https://sub...static methods that implement', 'Inheritance Hierarchy', 'Algorithms Class'], must_not_include=['<script>', '<style>'])
2025-07-18T22:29:37.7405009Z 
2025-07-18T22:29:37.7405467Z     @pytest.mark.parametrize("test_vector", GENERAL_TEST_VECTORS)
2025-07-18T22:29:37.7406157Z     def test_guess_stream_info(test_vector):
2025-07-18T22:29:37.7406663Z         """Test the ability to guess stream info."""
2025-07-18T22:29:37.7407165Z         markitdown = MarkItDown()
2025-07-18T22:29:37.7407542Z     
2025-07-18T22:29:37.7408010Z         local_path = os.path.join(TEST_FILES_DIR, test_vector.filename)
2025-07-18T22:29:37.7408706Z         expected_extension = os.path.splitext(test_vector.filename)[1]
2025-07-18T22:29:37.7409248Z     
2025-07-18T22:29:37.7409592Z >       with open(local_path, "rb") as stream:
2025-07-18T22:29:37.7410041Z              ^^^^^^^^^^^^^^^^^^^^^^
2025-07-18T22:29:37.7411352Z E       FileNotFoundError: [Errno 2] No such file or directory: '/home/runner/work/markitdown/markitdown/packages/markitdown/tests/test_files/PowerCollections.chm'
2025-07-18T22:29:37.7412332Z 
2025-07-18T22:29:37.7412559Z tests/test_module_vectors.py:35: FileNotFoundError
2025-07-18T22:29:37.7413530Z _______________________ test_convert_local[test_vector7] _______________________
2025-07-18T22:29:37.7414004Z 
2025-07-18T22:29:37.7415227Z test_vector = FileTestVector(filename='PowerCollections.chm', mimetype='application/vnd.ms-htmlhelp', charset=None, url='https://sub...static methods that implement', 'Inheritance Hierarchy', 'Algorithms Class'], must_not_include=['<script>', '<style>'])
2025-07-18T22:29:37.7416540Z 
2025-07-18T22:29:37.7416776Z     @pytest.mark.parametrize("test_vector", GENERAL_TEST_VECTORS)
2025-07-18T22:29:37.7417285Z     def test_convert_local(test_vector):
2025-07-18T22:29:37.7417681Z         """Test the conversion of a local file."""
2025-07-18T22:29:37.7418055Z         markitdown = MarkItDown()
2025-07-18T22:29:37.7418353Z     
2025-07-18T22:29:37.7418653Z >       result = markitdown.convert(
2025-07-18T22:29:37.7419160Z             os.path.join(TEST_FILES_DIR, test_vector.filename), url=test_vector.url
2025-07-18T22:29:37.7419642Z         )
2025-07-18T22:29:37.7419780Z 
2025-07-18T22:29:37.7419918Z tests/test_module_vectors.py:62: 
2025-07-18T22:29:37.7420299Z _ _ _ _ _ _ _ _ _ _ _ _ _ _ _ _ _ _ _ _ _ _ _ _ _ _ _ _ _ _ _ _ _ _ _ _ _ _ _ _ 
2025-07-18T22:29:37.7420987Z src/markitdown/_markitdown.py:276: in convert
2025-07-18T22:29:37.7421508Z     return self.convert_local(source, stream_info=stream_info, **kwargs)
2025-07-18T22:29:37.7422014Z            ^^^^^^^^^^^^^^^^^^^^^^^^^^^^^^^^^^^^^^^^^^^^^^^^^^^^^^^^^^^^^
2025-07-18T22:29:37.7422686Z _ _ _ _ _ _ _ _ _ _ _ _ _ _ _ _ _ _ _ _ _ _ _ _ _ _ _ _ _ _ _ _ _ _ _ _ _ _ _ _ 
2025-07-18T22:29:37.7422983Z 
2025-07-18T22:29:37.7423243Z self = <markitdown._markitdown.MarkItDown object at 0x7fbffc479f70>
2025-07-18T22:29:37.7424114Z path = '/home/runner/work/markitdown/markitdown/packages/markitdown/tests/test_files/PowerCollections.chm'
2025-07-18T22:29:37.7424863Z stream_info = None, file_extension = None
2025-07-18T22:29:37.7425624Z url = 'https://submain.com/ghostdoc/samples/themes/FlatGray/html/T-Wintellect.PowerCollections.Algorithms.htm'
2025-07-18T22:29:37.7426349Z kwargs = {}
2025-07-18T22:29:37.7427618Z base_guess = StreamInfo(mimetype=None, extension='.chm', charset=None, filename='PowerCollections.chm', local_path='/home/runner/wo...ons.chm', url='https://submain.com/ghostdoc/samples/themes/FlatGray/html/T-Wintellect.PowerCollections.Algorithms.htm')
2025-07-18T22:29:37.7428916Z 
2025-07-18T22:29:37.7429026Z     def convert_local(
2025-07-18T22:29:37.7429297Z         self,
2025-07-18T22:29:37.7429553Z         path: Union[str, Path],
2025-07-18T22:29:37.7429853Z         *,
2025-07-18T22:29:37.7430128Z         stream_info: Optional[StreamInfo] = None,
2025-07-18T22:29:37.7442641Z         file_extension: Optional[str] = None,  # Deprecated -- use stream_info
2025-07-18T22:29:37.7443264Z         url: Optional[str] = None,  # Deprecated -- use stream_info
2025-07-18T22:29:37.7443715Z         **kwargs: Any,
2025-07-18T22:29:37.7444007Z     ) -> DocumentConverterResult:
2025-07-18T22:29:37.7444355Z         if isinstance(path, Path):
2025-07-18T22:29:37.7444697Z             path = str(path)
2025-07-18T22:29:37.7444970Z     
2025-07-18T22:29:37.7445299Z         # Build a base StreamInfo object from which to start guesses
2025-07-18T22:29:37.7445741Z         base_guess = StreamInfo(
2025-07-18T22:29:37.7446055Z             local_path=path,
2025-07-18T22:29:37.7446388Z             extension=os.path.splitext(path)[1],
2025-07-18T22:29:37.7446790Z             filename=os.path.basename(path),
2025-07-18T22:29:37.7447138Z         )
2025-07-18T22:29:37.7447357Z     
2025-07-18T22:29:37.7447758Z         # Extend the base_guess with any additional info from the arguments
2025-07-18T22:29:37.7448239Z         if stream_info is not None:
2025-07-18T22:29:37.7448650Z             base_guess = base_guess.copy_and_update(stream_info)
2025-07-18T22:29:37.7449042Z     
2025-07-18T22:29:37.7449289Z         if file_extension is not None:
2025-07-18T22:29:37.7449642Z             # Deprecated -- use stream_info
2025-07-18T22:29:37.7450334Z             base_guess = base_guess.copy_and_update(extension=file_extension)
2025-07-18T22:29:37.7451077Z     
2025-07-18T22:29:37.7451388Z         if url is not None:
2025-07-18T22:29:37.7451724Z             # Deprecated -- use stream_info
2025-07-18T22:29:37.7452126Z             base_guess = base_guess.copy_and_update(url=url)
2025-07-18T22:29:37.7452504Z     
2025-07-18T22:29:37.7452732Z >       with open(path, "rb") as fh:
2025-07-18T22:29:37.7453071Z              ^^^^^^^^^^^^^^^^
2025-07-18T22:29:37.7453998Z E       FileNotFoundError: [Errno 2] No such file or directory: '/home/runner/work/markitdown/markitdown/packages/markitdown/tests/test_files/PowerCollections.chm'
2025-07-18T22:29:37.7454860Z 
2025-07-18T22:29:37.7455052Z src/markitdown/_markitdown.py:326: FileNotFoundError
2025-07-18T22:29:37.7455597Z _________________ test_convert_stream_with_hints[test_vector7] _________________
2025-07-18T22:29:37.7455989Z 
2025-07-18T22:29:37.7457207Z test_vector = FileTestVector(filename='PowerCollections.chm', mimetype='application/vnd.ms-htmlhelp', charset=None, url='https://sub...static methods that implement', 'Inheritance Hierarchy', 'Algorithms Class'], must_not_include=['<script>', '<style>'])
2025-07-18T22:29:37.7458488Z 
2025-07-18T22:29:37.7458721Z     @pytest.mark.parametrize("test_vector", GENERAL_TEST_VECTORS)
2025-07-18T22:29:37.7459233Z     def test_convert_stream_with_hints(test_vector):
2025-07-18T22:29:37.7459715Z         """Test the conversion of a stream with full stream info."""
2025-07-18T22:29:37.7460400Z         markitdown = MarkItDown()
2025-07-18T22:29:37.7460884Z     
2025-07-18T22:29:37.7461125Z         stream_info = StreamInfo(
2025-07-18T22:29:37.7461526Z             extension=os.path.splitext(test_vector.filename)[1],
2025-07-18T22:29:37.7461984Z             mimetype=test_vector.mimetype,
2025-07-18T22:29:37.7462384Z             charset=test_vector.charset,
2025-07-18T22:29:37.7462709Z         )
2025-07-18T22:29:37.7462927Z     
2025-07-18T22:29:37.7463345Z >       with open(os.path.join(TEST_FILES_DIR, test_vector.filename), "rb") as stream:
2025-07-18T22:29:37.7463886Z              ^^^^^^^^^^^^^^^^^^^^^^^^^^^^^^^^^^^^^^^^^^^^^^^^^^^^^^^^^^^^^^
2025-07-18T22:29:37.7464864Z E       FileNotFoundError: [Errno 2] No such file or directory: '/home/runner/work/markitdown/markitdown/packages/markitdown/tests/test_files/PowerCollections.chm'
2025-07-18T22:29:37.7465737Z 
2025-07-18T22:29:37.7465910Z tests/test_module_vectors.py:82: FileNotFoundError
2025-07-18T22:29:37.7466462Z _______________ test_convert_stream_without_hints[test_vector7] ________________
2025-07-18T22:29:37.7466843Z 
2025-07-18T22:29:37.7467937Z test_vector = FileTestVector(filename='PowerCollections.chm', mimetype='application/vnd.ms-htmlhelp', charset=None, url='https://sub...static methods that implement', 'Inheritance Hierarchy', 'Algorithms Class'], must_not_include=['<script>', '<style>'])
2025-07-18T22:29:37.7469182Z 
2025-07-18T22:29:37.7469408Z     @pytest.mark.parametrize("test_vector", GENERAL_TEST_VECTORS)
2025-07-18T22:29:37.7469925Z     def test_convert_stream_without_hints(test_vector):
2025-07-18T22:29:37.7470419Z         """Test the conversion of a stream with no stream info."""
2025-07-18T22:29:37.7471059Z         markitdown = MarkItDown()
2025-07-18T22:29:37.7471368Z     
2025-07-18T22:29:37.7471752Z >       with open(os.path.join(TEST_FILES_DIR, test_vector.filename), "rb") as stream:
2025-07-18T22:29:37.7472294Z              ^^^^^^^^^^^^^^^^^^^^^^^^^^^^^^^^^^^^^^^^^^^^^^^^^^^^^^^^^^^^^^
2025-07-18T22:29:37.7473255Z E       FileNotFoundError: [Errno 2] No such file or directory: '/home/runner/work/markitdown/markitdown/packages/markitdown/tests/test_files/PowerCollections.chm'
2025-07-18T22:29:37.7474112Z 
2025-07-18T22:29:37.7474282Z tests/test_module_vectors.py:97: FileNotFoundError
2025-07-18T22:29:37.7474816Z _____________________ test_convert_file_uri[test_vector7] ______________________
2025-07-18T22:29:37.7475189Z 
2025-07-18T22:29:37.7476543Z test_vector = FileTestVector(filename='PowerCollections.chm', mimetype='application/vnd.ms-htmlhelp', charset=None, url='https://sub...static methods that implement', 'Inheritance Hierarchy', 'Algorithms Class'], must_not_include=['<script>', '<style>'])
2025-07-18T22:29:37.7477805Z 
2025-07-18T22:29:37.7478030Z     @pytest.mark.parametrize("test_vector", GENERAL_TEST_VECTORS)
2025-07-18T22:29:37.7478509Z     def test_convert_file_uri(test_vector):
2025-07-18T22:29:37.7478897Z         """Test the conversion of a file:// URI."""
2025-07-18T22:29:37.7479302Z         markitdown = MarkItDown()
2025-07-18T22:29:37.7479611Z     
2025-07-18T22:29:37.7479858Z >       result = markitdown.convert(
2025-07-18T22:29:37.7480339Z             Path(os.path.join(TEST_FILES_DIR, test_vector.filename)).as_uri(),
2025-07-18T22:29:37.7480978Z             url=test_vector.url,
2025-07-18T22:29:37.7481301Z         )
2025-07-18T22:29:37.7481434Z 
2025-07-18T22:29:37.7481566Z tests/test_module_vectors.py:131: 
2025-07-18T22:29:37.7481962Z _ _ _ _ _ _ _ _ _ _ _ _ _ _ _ _ _ _ _ _ _ _ _ _ _ _ _ _ _ _ _ _ _ _ _ _ _ _ _ _ 
2025-07-18T22:29:37.7482399Z src/markitdown/_markitdown.py:274: in convert
2025-07-18T22:29:37.7482898Z     return self.convert_uri(source, stream_info=stream_info, **_kwargs)
2025-07-18T22:29:37.7483394Z            ^^^^^^^^^^^^^^^^^^^^^^^^^^^^^^^^^^^^^^^^^^^^^^^^^^^^^^^^^^^^
2025-07-18T22:29:37.7483797Z src/markitdown/_markitdown.py:418: in convert_uri
2025-07-18T22:29:37.7484205Z     return self.convert_local(
2025-07-18T22:29:37.7484556Z _ _ _ _ _ _ _ _ _ _ _ _ _ _ _ _ _ _ _ _ _ _ _ _ _ _ _ _ _ _ _ _ _ _ _ _ _ _ _ _ 
2025-07-18T22:29:37.7485042Z 
2025-07-18T22:29:37.7485286Z self = <markitdown._markitdown.MarkItDown object at 0x7fbffc95a360>
2025-07-18T22:29:37.7486129Z path = '/home/runner/work/markitdown/markitdown/packages/markitdown/tests/test_files/PowerCollections.chm'
2025-07-18T22:29:37.7486872Z stream_info = None, file_extension = None
2025-07-18T22:29:37.7487602Z url = 'https://submain.com/ghostdoc/samples/themes/FlatGray/html/T-Wintellect.PowerCollections.Algorithms.htm'
2025-07-18T22:29:37.7488313Z kwargs = {}
2025-07-18T22:29:37.7489571Z base_guess = StreamInfo(mimetype=None, extension='.chm', charset=None, filename='PowerCollections.chm', local_path='/home/runner/wo...ons.chm', url='https://submain.com/ghostdoc/samples/themes/FlatGray/html/T-Wintellect.PowerCollections.Algorithms.htm')
2025-07-18T22:29:37.7491035Z 
2025-07-18T22:29:37.7491147Z     def convert_local(
2025-07-18T22:29:37.7491410Z         self,
2025-07-18T22:29:37.7491672Z         path: Union[str, Path],
2025-07-18T22:29:37.7491971Z         *,
2025-07-18T22:29:37.7492248Z         stream_info: Optional[StreamInfo] = None,
2025-07-18T22:29:38.0708031Z         file_extension: Optional[str] = None,  # Deprecated -- use stream_info
2025-07-18T22:29:38.0708936Z         url: Optional[str] = None,  # Deprecated -- use stream_info
2025-07-18T22:29:38.0709495Z         **kwargs: Any,
2025-07-18T22:29:38.0709892Z     ) -> DocumentConverterResult:
2025-07-18T22:29:38.0710401Z         if isinstance(path, Path):
2025-07-18T22:29:38.0711247Z             path = str(path)
2025-07-18T22:29:38.0711567Z     
2025-07-18T22:29:38.0711936Z         # Build a base StreamInfo object from which to start guesses
2025-07-18T22:29:38.0712426Z         base_guess = StreamInfo(
2025-07-18T22:29:38.0712771Z             local_path=path,
2025-07-18T22:29:38.0713141Z             extension=os.path.splitext(path)[1],
2025-07-18T22:29:38.0713568Z             filename=os.path.basename(path),
2025-07-18T22:29:38.0713940Z         )
2025-07-18T22:29:38.0714184Z     
2025-07-18T22:29:38.0714566Z         # Extend the base_guess with any additional info from the arguments
2025-07-18T22:29:38.0715085Z         if stream_info is not None:
2025-07-18T22:29:38.0715529Z             base_guess = base_guess.copy_and_update(stream_info)
2025-07-18T22:29:38.0715960Z     
2025-07-18T22:29:38.0716220Z         if file_extension is not None:
2025-07-18T22:29:38.0716618Z             # Deprecated -- use stream_info
2025-07-18T22:29:38.0717434Z             base_guess = base_guess.copy_and_update(extension=file_extension)
2025-07-18T22:29:38.0717934Z     
2025-07-18T22:29:38.0718179Z         if url is not None:
2025-07-18T22:29:38.0718527Z             # Deprecated -- use stream_info
2025-07-18T22:29:38.0718968Z             base_guess = base_guess.copy_and_update(url=url)
2025-07-18T22:29:38.0719297Z     
2025-07-18T22:29:38.0719482Z >       with open(path, "rb") as fh:
2025-07-18T22:29:38.0719704Z              ^^^^^^^^^^^^^^^^
2025-07-18T22:29:38.0720318Z E       FileNotFoundError: [Errno 2] No such file or directory: '/home/runner/work/markitdown/markitdown/packages/markitdown/tests/test_files/PowerCollections.chm'
2025-07-18T22:29:38.0721034Z 
2025-07-18T22:29:38.0721165Z src/markitdown/_markitdown.py:326: FileNotFoundError
2025-07-18T22:29:38.0721529Z _____________________ test_convert_data_uri[test_vector7] ______________________
2025-07-18T22:29:38.0721770Z 
2025-07-18T22:29:38.0722544Z test_vector = FileTestVector(filename='PowerCollections.chm', mimetype='application/vnd.ms-htmlhelp', charset=None, url='https://sub...static methods that implement', 'Inheritance Hierarchy', 'Algorithms Class'], must_not_include=['<script>', '<style>'])
2025-07-18T22:29:38.0723567Z 
2025-07-18T22:29:38.0723729Z     @pytest.mark.parametrize("test_vector", GENERAL_TEST_VECTORS)
2025-07-18T22:29:38.0724057Z     def test_convert_data_uri(test_vector):
2025-07-18T22:29:38.0724322Z         """Test the conversion of a data URI."""
2025-07-18T22:29:38.0724578Z         markitdown = MarkItDown()
2025-07-18T22:29:38.0724946Z     
2025-07-18T22:29:38.0725091Z         data = ""
2025-07-18T22:29:38.0725381Z >       with open(os.path.join(TEST_FILES_DIR, test_vector.filename), "rb") as stream:
2025-07-18T22:29:38.0725735Z              ^^^^^^^^^^^^^^^^^^^^^^^^^^^^^^^^^^^^^^^^^^^^^^^^^^^^^^^^^^^^^^
2025-07-18T22:29:38.0726385Z E       FileNotFoundError: [Errno 2] No such file or directory: '/home/runner/work/markitdown/markitdown/packages/markitdown/tests/test_files/PowerCollections.chm'
2025-07-18T22:29:38.0726934Z 
2025-07-18T22:29:38.0727065Z tests/test_module_vectors.py:147: FileNotFoundError
2025-07-18T22:29:38.0727367Z =============================== warnings summary ===============================
2025-07-18T22:29:38.0727937Z ../../../../../.local/share/hatch/env/virtual/markitdown/H_uUSwZ6/hatch-test.py3.12/lib/python3.12/site-packages/pydub/utils.py:170
2025-07-18T22:29:38.0729077Z   /home/runner/.local/share/hatch/env/virtual/markitdown/H_uUSwZ6/hatch-test.py3.12/lib/python3.12/site-packages/pydub/utils.py:170: RuntimeWarning: Couldn't find ffmpeg or avconv - defaulting to ffmpeg, but may not work
2025-07-18T22:29:38.0730068Z     warn("Couldn't find ffmpeg or avconv - defaulting to ffmpeg, but may not work", RuntimeWarning)
2025-07-18T22:29:38.0730379Z 
2025-07-18T22:29:38.0730691Z -- Docs: https://docs.pytest.org/en/stable/how-to/capture-warnings.html
2025-07-18T22:29:38.0731060Z =========================== short test summary info ============================
2025-07-18T22:29:38.0732007Z FAILED tests/test_module_vectors.py::test_guess_stream_info[test_vector7] - FileNotFoundError: [Errno 2] No such file or directory: '/home/runner/work/markitdown/markitdown/packages/markitdown/tests/test_files/PowerCollections.chm'
2025-07-18T22:29:38.0733402Z FAILED tests/test_module_vectors.py::test_convert_local[test_vector7] - FileNotFoundError: [Errno 2] No such file or directory: '/home/runner/work/markitdown/markitdown/packages/markitdown/tests/test_files/PowerCollections.chm'
2025-07-18T22:29:38.0734797Z FAILED tests/test_module_vectors.py::test_convert_stream_with_hints[test_vector7] - FileNotFoundError: [Errno 2] No such file or directory: '/home/runner/work/markitdown/markitdown/packages/markitdown/tests/test_files/PowerCollections.chm'
2025-07-18T22:29:38.0736232Z FAILED tests/test_module_vectors.py::test_convert_stream_without_hints[test_vector7] - FileNotFoundError: [Errno 2] No such file or directory: '/home/runner/work/markitdown/markitdown/packages/markitdown/tests/test_files/PowerCollections.chm'
2025-07-18T22:29:38.0739027Z FAILED tests/test_module_vectors.py::test_convert_file_uri[test_vector7] - FileNotFoundError: [Errno 2] No such file or directory: '/home/runner/work/markitdown/markitdown/packages/markitdown/tests/test_files/PowerCollections.chm'
2025-07-18T22:29:38.0741832Z FAILED tests/test_module_vectors.py::test_convert_data_uri[test_vector7] - FileNotFoundError: [Errno 2] No such file or directory: '/home/runner/work/markitdown/markitdown/packages/markitdown/tests/test_files/PowerCollections.chm'
2025-07-18T22:29:38.0743429Z ============ 6 failed, 141 passed, 32 skipped, 1 warning in 53.82s =============
2025-07-18T22:29:38.4183091Z ##[error]Process completed with exit code 1.
2025-07-18T22:29:38.4282129Z Post job cleanup.
2025-07-18T22:29:38.5225977Z [command]/usr/bin/git version
2025-07-18T22:29:38.5269632Z git version 2.50.1
2025-07-18T22:29:38.5314329Z Temporarily overriding HOME='/home/runner/work/_temp/c7289422-8c8a-4ac9-9ffa-4f36d6a76154' before making global git config changes
2025-07-18T22:29:38.5315582Z Adding repository directory to the temporary git global config as a safe directory
2025-07-18T22:29:38.5319960Z [command]/usr/bin/git config --global --add safe.directory /home/runner/work/markitdown/markitdown
2025-07-18T22:29:38.5356629Z [command]/usr/bin/git config --local --name-only --get-regexp core\.sshCommand
2025-07-18T22:29:38.5390057Z [command]/usr/bin/git submodule foreach --recursive sh -c "git config --local --name-only --get-regexp 'core\.sshCommand' && git config --local --unset-all 'core.sshCommand' || :"
2025-07-18T22:29:38.5625510Z [command]/usr/bin/git config --local --name-only --get-regexp http\.https\:\/\/github\.com\/\.extraheader
2025-07-18T22:29:38.5647498Z http.https://github.com/.extraheader
2025-07-18T22:29:38.5660062Z [command]/usr/bin/git config --local --unset-all http.https://github.com/.extraheader
2025-07-18T22:29:38.5691430Z [command]/usr/bin/git submodule foreach --recursive sh -c "git config --local --name-only --get-regexp 'http\.https\:\/\/github\.com\/\.extraheader' && git config --local --unset-all 'http.https://github.com/.extraheader' || :"
2025-07-18T22:29:38.6034235Z Cleaning up orphan processes
