2025-09-18 20:54:36,298 - ERROR - Failed to load config file config.yaml: [Errno 2] No such file or directory: 'config.yaml'
2025-09-18 20:54:57,359 - ERROR - Failed to load config file config.yaml: [Errno 2] No such file or directory: 'config.yaml'
2025-09-18 20:56:03,477 - ERROR - Failed to load config file config.yaml: [Errno 2] No such file or directory: 'config.yaml'
2025-09-18 20:56:33,346 - ERROR - Request timed out. Retrying in 1 seconds...
2025-09-18 20:56:42,387 - ERROR - Network error: Connection lost. Retrying in 2 seconds...
2025-09-18 20:57:56,572 - ERROR - Request timed out. Retrying in 1 seconds...
2025-09-18 20:58:13,992 - ERROR - Request timed out. Retrying in 1 seconds...
2025-09-18 20:58:23,034 - ERROR - Network error: Connection lost. Retrying in 2 seconds...
2025-09-18 20:58:35,263 - ERROR - Request timed out. Retrying in 4 seconds...
2025-09-18 20:58:48,329 - ERROR - Unexpected error fetching https://api.github.com/repos/huaweicloud/spring-cloud-huawei/actions/jobs/49582498511/logs: Expecting value: line 1 column 1 (char 0)
2025-09-18 21:06:23,708 - ERROR - Request timed out. Retrying in 1 seconds...
2025-09-18 21:06:38,895 - ERROR - Request timed out. Retrying in 1 seconds...
2025-09-18 21:16:32,343 - ERROR - Request timed out. Retrying in 1 seconds...
2025-09-18 21:16:49,467 - ERROR - Request timed out. Retrying in 1 seconds...
2025-09-18 21:17:00,727 - ERROR - Request timed out. Retrying in 2 seconds...
2025-09-18 22:03:14,564 - ERROR - Request timed out. Retrying in 1 seconds...
2025-09-18 22:03:23,611 - ERROR - Network error: Connection lost. Retrying in 2 seconds...
2025-09-18 22:25:01,444 - ERROR - Request timed out. Retrying in 1 seconds...
2025-09-18 22:25:14,919 - ERROR - Request timed out. Retrying in 1 seconds...
2025-09-18 22:25:30,151 - ERROR - Request timed out. Retrying in 1 seconds...
2025-09-18 22:25:41,326 - ERROR - Rate limit exceeded, sleeping for 1133.673626 seconds. URL: https://api.github.com/repos/microsoft/markitdown/actions/permissions
2025-09-18 22:27:17,749 - ERROR - Request timed out. Retrying in 1 seconds...
2025-09-18 22:27:26,791 - ERROR - Network error: Connection lost. Retrying in 2 seconds...
2025-09-18 22:30:49,690 - ERROR - Rate limit exceeded, sleeping for 3572.309145 seconds. URL: https://api.github.com/repos/microsoft/markitdown/forks
2025-09-18 22:33:07,956 - ERROR - Request timed out. Retrying in 1 seconds...
2025-09-18 22:33:19,177 - ERROR - Request timed out. Retrying in 2 seconds...
2025-09-18 22:34:25,870 - ERROR - Rate limit exceeded, sleeping for 3356.12904 seconds. URL: https://api.github.com/repos/microsoft/markitdown/forks
2025-09-18 22:45:45,654 - ERROR - Network error: Connection lost. Retrying in 1 seconds...
2025-09-18 22:47:50,412 - ERROR - Network error: Connection lost. Retrying in 1 seconds...
2025-09-18 22:56:49,392 - ERROR - Rate limit exceeded, sleeping for 2012.607985 seconds. URL: https://api.github.com/repos/microsoft/markitdown/forks
2025-09-18 23:19:24,291 - ERROR - Request timed out. Retrying in 1 seconds...
2025-09-19 11:32:16,451 - ERROR - Network error: Connection lost. Retrying in 1 seconds...
2025-09-19 11:32:18,746 - ERROR - Network error: Connection lost. Retrying in 2 seconds...
2025-09-19 11:32:21,112 - ERROR - Network error: Connection lost. Retrying in 4 seconds...
2025-09-19 14:21:36,653 - ERROR - Network error: Connection lost. Retrying in 1 seconds...
2025-09-19 14:21:39,703 - ERROR - Network error: Connection lost. Retrying in 1 seconds...
2025-09-19 15:04:05,859 - ERROR - Network error: Connection lost. Retrying in 1 seconds...
